2026-08-19 22:10:15,458 [INFO] /// INITIATING DUAL-VAULT SYNC PROTOCOL ///
2026-08-19 22:10:15,458 [INFO] === INITIATING GITHUB SYNC: PRIVATE VAULT ===
2026-08-19 22:10:29,752 [INFO] [PRIVATE VAULT] Cryptographic commit secured: Omni-Matrix Update: Executive Architecture Deployment [2026-08-20 03:10:24 UTC]
2026-08-19 22:10:29,753 [INFO] [PRIVATE VAULT] Establishing secure uplink to remote GitHub vault...
2026-08-19 22:10:34,555 [INFO] [PRIVATE VAULT] [UPLINK SUCCESS]: Payload successfully delivered to remote repository.
2026-08-19 22:10:34,556 [INFO] === INITIATING GITHUB SYNC: PUBLIC BLUEPRINTS ===
2026-08-19 22:10:48,926 [INFO] [PUBLIC BLUEPRINTS] Cryptographic commit secured: Omni-Matrix Update: Executive Architecture Deployment [2026-08-20 03:10:44 UTC]
2026-08-19 22:10:48,926 [INFO] [PUBLIC BLUEPRINTS] Establishing secure uplink to remote GitHub vault...
2026-08-19 22:10:53,688 [INFO] [PUBLIC BLUEPRINTS] [UPLINK SUCCESS]: Payload successfully delivered to remote repository.
2026-08-19 22:10:53,688 [INFO] /// DUAL-VAULT SYNC PROTOCOL COMPLETE ///
2026-08-19 22:10:54,202 [INFO] /// INITIATING DUAL-VAULT SYNC PROTOCOL ///
2026-08-19 22:10:54,202 [INFO] === INITIATING GITHUB SYNC: PRIVATE VAULT ===
2026-08-19 22:11:08,531 [INFO] [PRIVATE VAULT] Cryptographic commit secured: Omni-Matrix Update: Executive Architecture Deployment [2026-08-20 03:11:03 UTC]
2026-08-19 22:11:08,531 [INFO] [PRIVATE VAULT] Establishing secure uplink to remote GitHub vault...
2026-08-19 22:11:13,310 [INFO] [PRIVATE VAULT] [UPLINK SUCCESS]: Payload successfully delivered to remote repository.
2026-08-19 22:11:13,310 [INFO] === INITIATING GITHUB SYNC: PUBLIC BLUEPRINTS ===
2026-08-19 22:11:27,657 [INFO] [PUBLIC BLUEPRINTS] Cryptographic commit secured: Omni-Matrix Update: Executive Architecture Deployment [2026-08-20 03:11:22 UTC]
2026-08-19 22:11:27,657 [INFO] [PUBLIC BLUEPRINTS] Establishing secure uplink to remote GitHub vault...
2026-08-19 22:11:32,408 [INFO] [PUBLIC BLUEPRINTS] [UPLINK SUCCESS]: Payload successfully delivered to remote repository.
2026-08-19 22:11:32,408 [INFO] /// DUAL-VAULT SYNC PROTOCOL COMPLETE ///
2026-08-19 22:12:57,257 [INFO] /// INITIATING DUAL-VAULT SYNC PROTOCOL ///
2026-08-19 22:12:57,257 [INFO] === INITIATING GITHUB SYNC: PRIVATE VAULT ===
2026-08-19 22:13:11,520 [INFO] [PRIVATE VAULT] Cryptographic commit secured: Omni-Matrix Update: Executive Architecture Deployment [2026-08-20 03:13:06 UTC]
2026-08-19 22:13:11,521 [INFO] [PRIVATE VAULT] Establishing secure uplink to remote GitHub vault...
2026-08-19 22:13:16,288 [INFO] [PRIVATE VAULT] [UPLINK SUCCESS]: Payload successfully delivered to remote repository.
2026-08-19 22:13:16,288 [INFO] === INITIATING GITHUB SYNC: PUBLIC BLUEPRINTS ===
2026-08-19 22:13:30,598 [INFO] [PUBLIC BLUEPRINTS] Cryptographic commit secured: Omni-Matrix Update: Executive Architecture Deployment [2026-08-20 03:13:25 UTC]
2026-08-19 22:13:30,598 [INFO] [PUBLIC BLUEPRINTS] Establishing secure uplink to remote GitHub vault...
2026-08-19 22:13:35,350 [INFO] [PUBLIC BLUEPRINTS] [UPLINK SUCCESS]: Payload successfully delivered to remote repository.
2026-08-19 22:13:35,350 [INFO] /// DUAL-VAULT SYNC PROTOCOL COMPLETE ///
2026-08-19 22:14:48,134 [INFO] /// INITIATING DUAL-VAULT SYNC PROTOCOL ///
2026-08-19 22:14:48,134 [INFO] === INITIATING GITHUB SYNC: PRIVATE VAULT ===
2026-08-19 22:15:02,419 [INFO] [PRIVATE VAULT] Cryptographic commit secured: Omni-Matrix Update: Executive Architecture Deployment [2026-08-20 03:14:57 UTC]
2026-08-19 22:15:02,419 [INFO] [PRIVATE VAULT] Establishing secure uplink to remote GitHub vault...
2026-08-19 22:15:07,200 [INFO] [PRIVATE VAULT] [UPLINK SUCCESS]: Payload successfully delivered to remote repository.
2026-08-19 22:15:07,200 [INFO] === INITIATING GITHUB SYNC: PUBLIC BLUEPRINTS ===
2026-08-19 22:15:21,500 [INFO] [PUBLIC BLUEPRINTS] Cryptographic commit secured: Omni-Matrix Update: Executive Architecture Deployment [2026-08-20 03:15:16 UTC]
2026-08-19 22:15:21,500 [INFO] [PUBLIC BLUEPRINTS] Establishing secure uplink to remote GitHub vault...
2026-08-19 22:15:26,267 [INFO] [PUBLIC BLUEPRINTS] [UPLINK SUCCESS]: Payload successfully delivered to remote repository.
2026-08-19 22:15:26,267 [INFO] /// DUAL-VAULT SYNC PROTOCOL COMPLETE ///
2026-08-19 22:16:30,049 [INFO] /// INITIATING DUAL-VAULT SYNC PROTOCOL ///
2026-08-19 22:16:30,049 [INFO] === INITIATING GITHUB SYNC: PRIVATE VAULT ===
2026-08-19 22:16:44,316 [INFO] [PRIVATE VAULT] Cryptographic commit secured: Omni-Matrix Update: Executive Architecture Deployment [2026-08-20 03:16:39 UTC]
2026-08-19 22:16:44,316 [INFO] [PRIVATE VAULT] Establishing secure uplink to remote GitHub vault...
2026-08-19 22:16:49,032 [INFO] [PRIVATE VAULT] [UPLINK SUCCESS]: Payload successfully delivered to remote repository.
2026-08-19 22:16:49,032 [INFO] === INITIATING GITHUB SYNC: PUBLIC BLUEPRINTS ===
2026-08-19 22:17:03,315 [INFO] [PUBLIC BLUEPRINTS] Cryptographic commit secured: Omni-Matrix Update: Executive Architecture Deployment [2026-08-20 03:16:58 UTC]
2026-08-19 22:17:03,315 [INFO] [PUBLIC BLUEPRINTS] Establishing secure uplink to remote GitHub vault...
2026-08-19 22:17:08,049 [INFO] [PUBLIC BLUEPRINTS] [UPLINK SUCCESS]: Payload successfully delivered to remote repository.
2026-08-19 22:17:08,049 [INFO] /// DUAL-VAULT SYNC PROTOCOL COMPLETE ///
2026-08-19 22:17:08,116 [INFO] /// INITIATING DUAL-VAULT SYNC PROTOCOL ///
2026-08-19 22:17:08,116 [INFO] === INITIATING GITHUB SYNC: PRIVATE VAULT ===
2026-08-19 22:17:22,441 [INFO] [PRIVATE VAULT] Cryptographic commit secured: Omni-Matrix Update: Executive Architecture Deployment [2026-08-20 03:17:17 UTC]
2026-08-19 22:17:22,442 [INFO] [PRIVATE VAULT] Establishing secure uplink to remote GitHub vault...
2026-08-19 22:17:27,166 [INFO] [PRIVATE VAULT] [UPLINK SUCCESS]: Payload successfully delivered to remote repository.
2026-08-19 22:17:27,166 [INFO] === INITIATING GITHUB SYNC: PUBLIC BLUEPRINTS ===
2026-08-19 22:18:40,204 [INFO] /// INITIATING DUAL-VAULT SYNC PROTOCOL ///
2026-08-19 22:18:40,204 [INFO] === INITIATING GITHUB SYNC: PRIVATE VAULT ===
2026-08-19 22:18:54,426 [INFO] [PRIVATE VAULT] Cryptographic commit secured: Omni-Matrix Update: Executive Architecture Deployment [2026-08-20 03:18:49 UTC]
2026-08-19 22:18:54,426 [INFO] [PRIVATE VAULT] Establishing secure uplink to remote GitHub vault...
2026-08-19 22:18:59,168 [INFO] [PRIVATE VAULT] [UPLINK SUCCESS]: Payload successfully delivered to remote repository.
2026-08-19 22:18:59,169 [INFO] === INITIATING GITHUB SYNC: PUBLIC BLUEPRINTS ===
2026-08-19 22:19:13,449 [INFO] [PUBLIC BLUEPRINTS] Cryptographic commit secured: Omni-Matrix Update: Executive Architecture Deployment [2026-08-20 03:19:08 UTC]
2026-08-19 22:19:13,449 [INFO] [PUBLIC BLUEPRINTS] Establishing secure uplink to remote GitHub vault...
2026-08-19 22:19:23,549 [INFO] /// INITIATING DUAL-VAULT SYNC PROTOCOL ///
2026-08-19 22:19:23,549 [INFO] === INITIATING GITHUB SYNC: PRIVATE VAULT ===
2026-08-19 22:19:37,852 [INFO] [PRIVATE VAULT] Cryptographic commit secured: Omni-Matrix Update: Executive Architecture Deployment [2026-08-20 03:19:33 UTC]
2026-08-19 22:19:37,852 [INFO] [PRIVATE VAULT] Establishing secure uplink to remote GitHub vault...
2026-08-19 22:19:42,599 [INFO] [PRIVATE VAULT] [UPLINK SUCCESS]: Payload successfully delivered to remote repository.
2026-08-19 22:19:42,599 [INFO] === INITIATING GITHUB SYNC: PUBLIC BLUEPRINTS ===
2026-08-19 22:19:56,866 [INFO] [PUBLIC BLUEPRINTS] Cryptographic commit secured: Omni-Matrix Update: Executive Architecture Deployment [2026-08-20 03:19:52 UTC]
2026-08-19 22:19:56,866 [INFO] [PUBLIC BLUEPRINTS] Establishing secure uplink to remote GitHub vault...
2026-08-19 22:20:01,616 [INFO] [PUBLIC BLUEPRINTS] [UPLINK SUCCESS]: Payload successfully delivered to remote repository.
2026-08-19 22:20:01,616 [INFO] /// DUAL-VAULT SYNC PROTOCOL COMPLETE ///
2026-08-19 22:21:47,494 [INFO] /// INITIATING DUAL-VAULT SYNC PROTOCOL ///
2026-08-19 22:21:47,494 [INFO] === INITIATING GITHUB SYNC: PRIVATE VAULT ===
2026-08-19 22:22:01,783 [INFO] [PRIVATE VAULT] Cryptographic commit secured: Omni-Matrix Update: Executive Architecture Deployment [2026-08-20 03:21:56 UTC]
2026-08-19 22:22:01,783 [INFO] [PRIVATE VAULT] Establishing secure uplink to remote GitHub vault...
2026-08-19 22:22:06,558 [INFO] [PRIVATE VAULT] [UPLINK SUCCESS]: Payload successfully delivered to remote repository.
2026-08-19 22:22:06,558 [INFO] === INITIATING GITHUB SYNC: PUBLIC BLUEPRINTS ===
2026-08-19 22:35:40,616 [INFO] /// INITIATING DUAL-VAULT SYNC PROTOCOL ///
2026-08-19 22:35:40,616 [INFO] === INITIATING GITHUB SYNC: PRIVATE VAULT ===
2026-08-19 22:35:54,850 [INFO] [PRIVATE VAULT] Cryptographic commit secured: Omni-Matrix Update: Executive Architecture Deployment [2026-08-20 03:35:50 UTC]
2026-08-19 22:35:54,850 [INFO] [PRIVATE VAULT] Establishing secure uplink to remote GitHub vault...
2026-08-19 22:35:59,605 [INFO] [PRIVATE VAULT] [UPLINK SUCCESS]: Payload successfully delivered to remote repository.
2026-08-19 22:35:59,605 [INFO] === INITIATING GITHUB SYNC: PUBLIC BLUEPRINTS ===
2026-08-19 22:36:10,722 [ERROR] [PUBLIC BLUEPRINTS] Commit failed: 
2026-08-19 22:36:10,732 [INFO] /// DUAL-VAULT SYNC PROTOCOL COMPLETE ///
2026-08-19 22:36:33,359 [INFO] /// INITIATING DUAL-VAULT SYNC PROTOCOL ///
2026-08-19 22:36:33,359 [INFO] === INITIATING GITHUB SYNC: PRIVATE VAULT ===
2026-08-19 22:36:47,672 [INFO] [PRIVATE VAULT] Cryptographic commit secured: Omni-Matrix Update: Executive Architecture Deployment [2026-08-20 03:36:42 UTC]
2026-08-19 22:36:47,672 [INFO] [PRIVATE VAULT] Establishing secure uplink to remote GitHub vault...
2026-08-19 22:36:52,425 [INFO] [PRIVATE VAULT] [UPLINK SUCCESS]: Payload successfully delivered to remote repository.
2026-08-19 22:36:52,425 [INFO] === INITIATING GITHUB SYNC: PUBLIC BLUEPRINTS ===
2026-08-19 22:37:06,733 [INFO] [PUBLIC BLUEPRINTS] Cryptographic commit secured: Omni-Matrix Update: Executive Architecture Deployment [2026-08-20 03:37:01 UTC]
2026-08-19 22:37:06,733 [INFO] [PUBLIC BLUEPRINTS] Establishing secure uplink to remote GitHub vault...
2026-08-19 22:37:09,202 [INFO] /// INITIATING DUAL-VAULT SYNC PROTOCOL ///
2026-08-19 22:37:09,202 [INFO] === INITIATING GITHUB SYNC: PRIVATE VAULT ===
2026-08-19 22:37:11,516 [INFO] [PUBLIC BLUEPRINTS] [UPLINK SUCCESS]: Payload successfully delivered to remote repository.
2026-08-19 22:37:11,516 [INFO] /// DUAL-VAULT SYNC PROTOCOL COMPLETE ///
2026-08-19 22:37:23,449 [INFO] [PRIVATE VAULT] Cryptographic commit secured: Omni-Matrix Update: Executive Architecture Deployment [2026-08-20 03:37:18 UTC]
2026-08-19 22:37:23,449 [INFO] [PRIVATE VAULT] Establishing secure uplink to remote GitHub vault...
2026-08-19 22:37:28,180 [INFO] [PRIVATE VAULT] [UPLINK SUCCESS]: Payload successfully delivered to remote repository.
2026-08-19 22:37:28,180 [INFO] === INITIATING GITHUB SYNC: PUBLIC BLUEPRINTS ===
2026-08-19 22:37:42,432 [INFO] [PUBLIC BLUEPRINTS] Cryptographic commit secured: Omni-Matrix Update: Executive Architecture Deployment [2026-08-20 03:37:37 UTC]
2026-08-19 22:37:42,432 [INFO] [PUBLIC BLUEPRINTS] Establishing secure uplink to remote GitHub vault...
2026-08-19 22:37:47,250 [INFO] [PUBLIC BLUEPRINTS] [UPLINK SUCCESS]: Payload successfully delivered to remote repository.
2026-08-19 22:37:47,250 [INFO] /// DUAL-VAULT SYNC PROTOCOL COMPLETE ///
2026-08-19 22:45:18,899 [INFO] /// INITIATING DUAL-VAULT SYNC PROTOCOL ///
2026-08-19 22:45:18,899 [INFO] === INITIATING GITHUB SYNC: PRIVATE VAULT ===
2026-08-19 22:45:33,239 [INFO] [PRIVATE VAULT] Cryptographic commit secured: Omni-Matrix Update: Executive Architecture Deployment [2026-08-20 03:45:28 UTC]
2026-08-19 22:45:33,239 [INFO] [PRIVATE VAULT] Establishing secure uplink to remote GitHub vault...
2026-08-19 22:45:38,002 [INFO] [PRIVATE VAULT] [UPLINK SUCCESS]: Payload successfully delivered to remote repository.
2026-08-19 22:45:38,002 [INFO] === INITIATING GITHUB SYNC: PUBLIC BLUEPRINTS ===
2026-08-19 22:45:52,274 [INFO] [PUBLIC BLUEPRINTS] Cryptographic commit secured: Omni-Matrix Update: Executive Architecture Deployment [2026-08-20 03:45:47 UTC]
2026-08-19 22:45:52,275 [INFO] [PUBLIC BLUEPRINTS] Establishing secure uplink to remote GitHub vault...
2026-08-19 22:45:57,053 [INFO] [PUBLIC BLUEPRINTS] [UPLINK SUCCESS]: Payload successfully delivered to remote repository.
2026-08-19 22:45:57,053 [INFO] /// DUAL-VAULT SYNC PROTOCOL COMPLETE ///
2026-08-20 09:16:50,186 [INFO] /// INITIATING DUAL-VAULT SYNC PROTOCOL ///
2026-08-20 09:16:50,186 [INFO] === INITIATING GITHUB SYNC: PRIVATE VAULT ===
2026-08-20 09:17:04,448 [INFO] [PRIVATE VAULT] Cryptographic commit secured: Omni-Matrix Update: Executive Architecture Deployment [2026-08-20 14:16:59 UTC]
2026-08-20 09:17:04,448 [INFO] [PRIVATE VAULT] Establishing secure uplink to remote GitHub vault...
2026-08-20 09:17:09,198 [INFO] [PRIVATE VAULT] [UPLINK SUCCESS]: Payload successfully delivered to remote repository.
2026-08-20 09:17:09,198 [INFO] === INITIATING GITHUB SYNC: PUBLIC BLUEPRINTS ===
2026-08-20 09:17:23,431 [INFO] [PUBLIC BLUEPRINTS] Cryptographic commit secured: Omni-Matrix Update: Executive Architecture Deployment [2026-08-20 14:17:18 UTC]
2026-08-20 09:17:23,431 [INFO] [PUBLIC BLUEPRINTS] Establishing secure uplink to remote GitHub vault...
2026-08-20 09:17:28,164 [INFO] [PUBLIC BLUEPRINTS] [UPLINK SUCCESS]: Payload successfully delivered to remote repository.
2026-08-20 09:17:28,164 [INFO] /// DUAL-VAULT SYNC PROTOCOL COMPLETE ///
2026-08-20 09:25:28,681 [INFO] /// INITIATING DUAL-VAULT SYNC PROTOCOL ///
2026-08-20 09:25:28,681 [INFO] === INITIATING GITHUB SYNC: PRIVATE VAULT ===
2026-08-20 09:25:43,003 [INFO] [PRIVATE VAULT] Cryptographic commit secured: Omni-Matrix Update: Executive Architecture Deployment [2026-08-20 14:25:38 UTC]
2026-08-20 09:25:43,003 [INFO] [PRIVATE VAULT] Establishing secure uplink to remote GitHub vault...
2026-08-20 09:25:47,764 [INFO] [PRIVATE VAULT] [UPLINK SUCCESS]: Payload successfully delivered to remote repository.
2026-08-20 09:25:47,764 [INFO] === INITIATING GITHUB SYNC: PUBLIC BLUEPRINTS ===
2026-08-20 09:26:01,954 [INFO] [PUBLIC BLUEPRINTS] Cryptographic commit secured: Omni-Matrix Update: Executive Architecture Deployment [2026-08-20 14:25:57 UTC]
2026-08-20 09:26:01,954 [INFO] [PUBLIC BLUEPRINTS] Establishing secure uplink to remote GitHub vault...
2026-08-20 09:26:06,664 [INFO] [PUBLIC BLUEPRINTS] [UPLINK SUCCESS]: Payload successfully delivered to remote repository.
2026-08-20 09:26:06,664 [INFO] /// DUAL-VAULT SYNC PROTOCOL COMPLETE ///
2026-08-20 09:32:26,231 [INFO] /// INITIATING DUAL-VAULT SYNC PROTOCOL ///
2026-08-20 09:32:26,231 [INFO] === INITIATING GITHUB SYNC: PRIVATE VAULT ===
2026-08-20 09:32:40,532 [INFO] [PRIVATE VAULT] Cryptographic commit secured: Omni-Matrix Update: Executive Architecture Deployment [2026-08-20 14:32:35 UTC]
2026-08-20 09:32:40,532 [INFO] [PRIVATE VAULT] Establishing secure uplink to remote GitHub vault...
2026-08-20 09:32:45,314 [INFO] [PRIVATE VAULT] [UPLINK SUCCESS]: Payload successfully delivered to remote repository.
2026-08-20 09:32:45,314 [INFO] === INITIATING GITHUB SYNC: PUBLIC BLUEPRINTS ===
2026-08-20 09:32:59,531 [INFO] [PUBLIC BLUEPRINTS] Cryptographic commit secured: Omni-Matrix Update: Executive Architecture Deployment [2026-08-20 14:32:54 UTC]
2026-08-20 09:32:59,531 [INFO] [PUBLIC BLUEPRINTS] Establishing secure uplink to remote GitHub vault...
2026-08-20 09:33:04,282 [INFO] [PUBLIC BLUEPRINTS] [UPLINK SUCCESS]: Payload successfully delivered to remote repository.
2026-08-20 09:33:04,282 [INFO] /// DUAL-VAULT SYNC PROTOCOL COMPLETE ///
2026-08-20 09:36:16,314 [INFO] /// INITIATING DUAL-VAULT SYNC PROTOCOL ///
2026-08-20 09:36:16,314 [INFO] === INITIATING GITHUB SYNC: PRIVATE VAULT ===
2026-08-20 09:36:30,603 [INFO] [PRIVATE VAULT] Cryptographic commit secured: Omni-Matrix Update: Executive Architecture Deployment [2026-08-20 14:36:25 UTC]
2026-08-20 09:36:30,604 [INFO] [PRIVATE VAULT] Establishing secure uplink to remote GitHub vault...
2026-08-20 09:36:35,347 [INFO] [PRIVATE VAULT] [UPLINK SUCCESS]: Payload successfully delivered to remote repository.
2026-08-20 09:36:35,347 [INFO] === INITIATING GITHUB SYNC: PUBLIC BLUEPRINTS ===
2026-08-20 09:36:49,548 [INFO] [PUBLIC BLUEPRINTS] Cryptographic commit secured: Omni-Matrix Update: Executive Architecture Deployment [2026-08-20 14:36:44 UTC]
2026-08-20 09:36:49,548 [INFO] [PUBLIC BLUEPRINTS] Establishing secure uplink to remote GitHub vault...
2026-08-20 09:36:54,281 [INFO] [PUBLIC BLUEPRINTS] [UPLINK SUCCESS]: Payload successfully delivered to remote repository.
2026-08-20 09:36:54,281 [INFO] /// DUAL-VAULT SYNC PROTOCOL COMPLETE ///
2026-08-20 09:39:57,714 [INFO] /// INITIATING DUAL-VAULT SYNC PROTOCOL ///
2026-08-20 09:39:57,714 [INFO] === INITIATING GITHUB SYNC: PRIVATE VAULT ===
2026-08-20 09:40:11,998 [INFO] [PRIVATE VAULT] Cryptographic commit secured: Omni-Matrix Update: Executive Architecture Deployment [2026-08-20 14:40:07 UTC]
2026-08-20 09:40:11,998 [INFO] [PRIVATE VAULT] Establishing secure uplink to remote GitHub vault...
2026-08-20 09:40:16,730 [INFO] [PRIVATE VAULT] [UPLINK SUCCESS]: Payload successfully delivered to remote repository.
2026-08-20 09:40:16,730 [INFO] === INITIATING GITHUB SYNC: PUBLIC BLUEPRINTS ===
2026-08-20 09:40:30,897 [INFO] [PUBLIC BLUEPRINTS] Cryptographic commit secured: Omni-Matrix Update: Executive Architecture Deployment [2026-08-20 14:40:26 UTC]
2026-08-20 09:40:30,897 [INFO] [PUBLIC BLUEPRINTS] Establishing secure uplink to remote GitHub vault...
2026-08-20 09:40:35,621 [INFO] [PUBLIC BLUEPRINTS] [UPLINK SUCCESS]: Payload successfully delivered to remote repository.
2026-08-20 09:40:35,621 [INFO] /// DUAL-VAULT SYNC PROTOCOL COMPLETE ///
2026-08-20 09:51:07,580 [INFO] /// INITIATING DUAL-VAULT SYNC PROTOCOL ///
2026-08-20 09:51:07,580 [INFO] === INITIATING GITHUB SYNC: PRIVATE VAULT ===
2026-08-20 09:51:21,830 [INFO] [PRIVATE VAULT] Cryptographic commit secured: Omni-Matrix Update: Executive Architecture Deployment [2026-08-20 14:51:17 UTC]
2026-08-20 09:51:21,830 [INFO] [PRIVATE VAULT] Establishing secure uplink to remote GitHub vault...
2026-08-20 09:51:26,568 [INFO] [PRIVATE VAULT] [UPLINK SUCCESS]: Payload successfully delivered to remote repository.
2026-08-20 09:51:26,568 [INFO] === INITIATING GITHUB SYNC: PUBLIC BLUEPRINTS ===
2026-08-20 09:51:40,764 [INFO] [PUBLIC BLUEPRINTS] Cryptographic commit secured: Omni-Matrix Update: Executive Architecture Deployment [2026-08-20 14:51:36 UTC]
2026-08-20 09:51:40,764 [INFO] [PUBLIC BLUEPRINTS] Establishing secure uplink to remote GitHub vault...
2026-08-20 09:51:45,497 [INFO] [PUBLIC BLUEPRINTS] [UPLINK SUCCESS]: Payload successfully delivered to remote repository.
2026-08-20 09:51:45,497 [INFO] /// DUAL-VAULT SYNC PROTOCOL COMPLETE ///
2026-08-20 10:08:58,697 [INFO] /// INITIATING DUAL-VAULT SYNC PROTOCOL ///
2026-08-20 10:08:58,697 [INFO] === INITIATING GITHUB SYNC: PRIVATE VAULT ===
2026-08-20 10:09:12,952 [INFO] [PRIVATE VAULT] Cryptographic commit secured: Omni-Matrix Update: Executive Architecture Deployment [2026-08-20 15:09:08 UTC]
2026-08-20 10:09:12,952 [INFO] [PRIVATE VAULT] Establishing secure uplink to remote GitHub vault...
2026-08-20 10:09:17,686 [INFO] [PRIVATE VAULT] [UPLINK SUCCESS]: Payload successfully delivered to remote repository.
2026-08-20 10:09:17,686 [INFO] === INITIATING GITHUB SYNC: PUBLIC BLUEPRINTS ===
2026-08-20 10:09:31,930 [INFO] [PUBLIC BLUEPRINTS] Cryptographic commit secured: Omni-Matrix Update: Executive Architecture Deployment [2026-08-20 15:09:27 UTC]
2026-08-20 10:09:31,930 [INFO] [PUBLIC BLUEPRINTS] Establishing secure uplink to remote GitHub vault...
2026-08-20 10:09:36,685 [INFO] [PUBLIC BLUEPRINTS] [UPLINK SUCCESS]: Payload successfully delivered to remote repository.
2026-08-20 10:09:36,685 [INFO] /// DUAL-VAULT SYNC PROTOCOL COMPLETE ///
