2026-08-19 20:06:29,113 [INFO] Initiating Zero-Trust Edge Triage for 3 messages.
2026-08-19 20:06:29,113 [INFO] Analyzing cryptographic signature and semantic weight...
2026-08-19 20:06:29,113 [INFO] 🔥 HIGH VALUE TARGET: Gov_Officer -> Route to CEO.
2026-08-19 20:06:29,117 [INFO] Analyzing cryptographic signature and semantic weight...
2026-08-19 20:06:29,117 [INFO] 🚫 NOISE DETECTED: Lead_Gen_Bot -> Route to void.
2026-08-19 20:06:29,120 [INFO] Analyzing cryptographic signature and semantic weight...
2026-08-19 20:06:29,120 [INFO] 📊 STANDARD INQUIRY: Industry_Peer -> Log for review.
2026-08-19 20:08:33,422 [INFO] Initiating Zero-Trust Edge Triage for 3 messages.
2026-08-19 20:08:33,422 [INFO] [HIGH VALUE TARGET]: Gov_Officer -> Route to CEO.
2026-08-19 20:08:33,422 [INFO] [NOISE DETECTED]: Lead_Gen_Bot -> Route to void.
2026-08-19 20:08:33,422 [INFO] [STANDARD INQUIRY]: Industry_Peer -> Log for review.
2026-08-19 21:47:53,940 [INFO] Initiating secure bare-metal handshake with external API...
2026-08-19 21:47:54,828 [WARNING] [API WALL HIT]: Server returned Code 404. Pivoting to secure local drop-zone...
2026-08-19 21:47:54,830 [INFO] Initialized secure drop-zone at C:\HVF_Repos\hvf-media-matrix-private\autonomous_ops\..\secure_drop.json
2026-08-19 21:47:54,840 [INFO] [SECURE DROP ACQUIRED]: Retrieved 2 payloads from local iron.
2026-08-19 21:47:54,840 [INFO] Initiating Zero-Trust Edge Triage for 2 targets.
2026-08-19 21:47:54,840 [INFO] [HIGH VALUE TARGET]: Federal_Procurement -> Route to CEO.
2026-08-19 21:47:54,840 [INFO] [NOISE DETECTED]: Marketing_Bot -> Route to void.
2026-08-19 21:50:02,472 [INFO] Initiating secure bare-metal handshake with external API...
2026-08-19 21:50:03,238 [WARNING] [API WALL HIT]: Server returned Code 404. Pivoting to secure local drop-zone...
2026-08-19 21:50:03,239 [INFO] [SECURE DROP ACQUIRED]: Retrieved 2 payloads from local iron.
2026-08-19 21:50:03,242 [INFO] Initiating Zero-Trust Edge Triage for 2 targets.
2026-08-19 21:50:03,242 [INFO] [HIGH VALUE TARGET]: Federal_Procurement -> Route to CEO.
2026-08-19 21:50:03,242 [INFO] [NOISE DETECTED]: Marketing_Bot -> Route to void.
2026-08-19 22:07:38,365 [INFO] Initiating secure bare-metal handshake with external API...
2026-08-19 22:07:38,975 [WARNING] [API WALL HIT]: Server returned Code 404. Pivoting to secure local drop-zone...
2026-08-19 22:07:38,976 [INFO] [SECURE DROP ACQUIRED]: Retrieved 2 payloads from local iron.
2026-08-19 22:07:38,978 [INFO] Initiating Zero-Trust Edge Triage for 2 targets.
2026-08-19 22:07:38,979 [INFO] [HIGH VALUE TARGET]: Federal_Procurement -> Route to CEO.
2026-08-19 22:07:38,979 [INFO] [NOISE DETECTED]: Marketing_Bot -> Route to void.
