2026-08-19 22:07:36,097 [INFO] /// INITIATING OMNI-MATRIX SWEEP ///
2026-08-19 22:07:36,097 [INFO] === INITIATING SECTOR: RECON ===
2026-08-19 22:07:38,218 [INFO] [RECON] 2026-08-19 22:07:36,267 [INFO] Initiating autonomous live-wire market sweep...
2026-08-19 22:07:38,218 [INFO] [RECON] 2026-08-19 22:07:36,274 [INFO] Targeting external networks for keyword: [Zero Trust Architecture]...
2026-08-19 22:07:38,218 [INFO] [RECON] 2026-08-19 22:07:37,326 [INFO] Targeting external networks for keyword: [Federal Procurement DoD]...
2026-08-19 22:07:38,218 [INFO] [RECON] 2026-08-19 22:07:38,192 [INFO] [LIVE INTELLIGENCE ACQUIRED]: Secured 4 active market signals.
2026-08-19 22:07:38,219 [INFO] [RECON] 2026-08-19 22:07:38,192 [INFO] [VAULT LOCKED]: Raw intelligence routed to -> C:\HVF_Repos\hvf-media-matrix-private\recon_intel\..\recon_intel\intel_drops\live_intel_20260820_030738.json
2026-08-19 22:07:38,219 [INFO] === SECTOR RECON SECURED ===
2026-08-19 22:07:38,219 [INFO] === INITIATING SECTOR: INBOUND ===
2026-08-19 22:07:38,994 [INFO] [INBOUND] 2026-08-19 22:07:38,365 [INFO] Initiating secure bare-metal handshake with external API...
2026-08-19 22:07:38,994 [INFO] [INBOUND] 2026-08-19 22:07:38,975 [WARNING] [API WALL HIT]: Server returned Code 404. Pivoting to secure local drop-zone...
2026-08-19 22:07:38,994 [INFO] [INBOUND] 2026-08-19 22:07:38,976 [INFO] [SECURE DROP ACQUIRED]: Retrieved 2 payloads from local iron.
2026-08-19 22:07:38,994 [INFO] [INBOUND] 2026-08-19 22:07:38,978 [INFO] Initiating Zero-Trust Edge Triage for 2 targets.
2026-08-19 22:07:38,994 [INFO] [INBOUND] 2026-08-19 22:07:38,979 [INFO] [HIGH VALUE TARGET]: Federal_Procurement -> Route to CEO.
2026-08-19 22:07:38,994 [INFO] [INBOUND] 2026-08-19 22:07:38,979 [INFO] [NOISE DETECTED]: Marketing_Bot -> Route to void.
2026-08-19 22:07:38,994 [INFO] === SECTOR INBOUND SECURED ===
2026-08-19 22:07:38,994 [INFO] === INITIATING SECTOR: OUTBOUND ===
2026-08-19 22:07:39,157 [INFO] [OUTBOUND] 2026-08-19 22:07:39,143 [INFO] Initiating sweep of local outbox for staged broadcasts...
2026-08-19 22:07:39,157 [INFO] [OUTBOUND] 2026-08-19 22:07:39,143 [INFO] Outbox is empty. No actionable payloads detected.
2026-08-19 22:07:39,157 [INFO] === SECTOR OUTBOUND SECURED ===
2026-08-19 22:07:39,157 [INFO] /// OMNI-MATRIX SWEEP COMPLETE. ALL SECTORS SECURED. ///
