2026-08-15 08:54:54,157 - HVF_Patrol - INFO - Autonomous Patrol Matrix initializing. Establishing heartbeat...
2026-08-15 08:54:54,157 - HVF_Master - INFO - HVF Master Orchestrator Initialized. Standing by for command.
2026-08-15 08:54:54,157 - HVF_Vault - INFO - Local .env vault successfully digested into memory.
2026-08-15 08:54:54,157 - HVF_Vault - INFO - Vault operating in PRIVATE mode. Credentials armed.
2026-08-15 08:54:54,157 - HVF_LinkedIn - INFO - LinkedIn Tactical Engine initialized and armed with live credentials.
2026-08-15 08:54:54,157 - HVF_Master - INFO - Successfully integrated: LinkedIn_Tactical
2026-08-15 08:54:54,157 - HVF_Recon - INFO - Investor Reconnaissance Engine initialized. Standing by for targeting parameters.
2026-08-15 08:54:54,157 - HVF_Master - INFO - Successfully integrated: Investor_Recon
2026-08-15 08:54:54,157 - HVF_Patrol - INFO - Patrol Matrix active. Commencing operational loop.
2026-08-15 08:54:54,157 - HVF_Patrol - INFO - --- INITIATING SCHEDULED TACTICAL PATROL ---
2026-08-15 08:54:54,157 - HVF_Master - INFO - [EXECUTIVE DIRECTIVE RECEIVED] Investor Recon
2026-08-15 08:54:54,157 - HVF_Master - INFO - Authorizing Autonomous Recon-to-Engagement Pipeline.
2026-08-15 08:54:54,157 - HVF_Recon - INFO - Executing Tactical Reconnaissance Sequence...
2026-08-15 08:54:54,157 - HVF_Recon - INFO - [LOCK ACQUIRED] Scanning intelligence database for sector: SCADA Edge AI Integration
2026-08-15 08:54:54,157 - HVF_Recon - INFO - Ingested 3 raw targets from matrix. Commencing filtration protocol.
2026-08-15 08:54:54,157 - HVF_Recon - INFO - Target structurally verified and queued: Apex Industrial Ventures
2026-08-15 08:54:54,157 - HVF_Recon - INFO - Target Dropped: CryptoBros Capital - Insufficient Capital.
2026-08-15 08:54:54,157 - HVF_Recon - INFO - Target structurally verified and queued: Horizon Edge Partners
2026-08-15 08:54:54,157 - HVF_Recon - INFO - Reconnaissance complete. High-value targets locked in queue: 2
2026-08-15 08:54:54,157 - HVF_Master - INFO - Commencing multi-target engagement loop. Targets in queue: 2
2026-08-15 08:54:54,157 - HVF_Master - INFO - Handoff initiated for target [1/2]: Apex Industrial Ventures
2026-08-15 08:54:54,157 - HVF_LinkedIn - INFO - Executing live LinkedIn broadcast sequence...
2026-08-15 08:54:54,157 - HVF_LinkedIn - INFO - Dynamic executive payload intercepted and loaded.
2026-08-15 08:54:54,157 - HVF_LinkedIn - INFO - Target locked. Author URN secured. Preparing payload...
2026-08-15 08:54:54,157 - HVF_LinkedIn - INFO - TACTICAL STRIKE SUCCESSFUL. Message deployed to LinkedIn network.
2026-08-15 08:54:54,157 - HVF_Master - INFO - Initiating 3-second tactical delay to evade network rate limiters...
2026-08-15 08:54:57,168 - HVF_Master - INFO - Handoff initiated for target [2/2]: Horizon Edge Partners
2026-08-15 08:54:57,168 - HVF_LinkedIn - INFO - Executing live LinkedIn broadcast sequence...
2026-08-15 08:54:57,168 - HVF_LinkedIn - INFO - Dynamic executive payload intercepted and loaded.
2026-08-15 08:54:57,168 - HVF_LinkedIn - INFO - Target locked. Author URN secured. Preparing payload...
2026-08-15 08:54:57,169 - HVF_LinkedIn - INFO - TACTICAL STRIKE SUCCESSFUL. Message deployed to LinkedIn network.
2026-08-15 08:54:57,169 - HVF_Master - INFO - Engagement loop complete. All targets processed successfully.
2026-08-15 08:54:57,169 - HVF_Patrol - INFO - Diagnostic cycle complete. Terminating loop to return terminal control.
2026-08-15 09:05:22,011 - HVF_Patrol - INFO - Autonomous Patrol Matrix initializing. Establishing heartbeat...
2026-08-15 09:05:22,011 - HVF_Master - INFO - HVF Master Orchestrator Initialized. Standing by for command.
2026-08-15 09:05:22,012 - HVF_Vault - INFO - Local .env vault successfully digested into memory.
2026-08-15 09:05:22,012 - HVF_Vault - INFO - Vault operating in PRIVATE mode. Credentials armed.
2026-08-15 09:05:22,012 - HVF_LinkedIn - INFO - LinkedIn Tactical Engine initialized and armed with live credentials.
2026-08-15 09:05:22,012 - HVF_Master - INFO - Successfully integrated: LinkedIn_Tactical
2026-08-15 09:05:22,012 - HVF_Recon - INFO - Investor Reconnaissance Engine initialized. Standing by for targeting parameters.
2026-08-15 09:05:22,012 - HVF_Master - INFO - Successfully integrated: Investor_Recon
2026-08-15 09:05:22,012 - HVF_Patrol - INFO - Patrol Matrix active. Commencing operational loop.
2026-08-15 09:05:22,012 - HVF_Patrol - INFO - --- INITIATING SCHEDULED TACTICAL PATROL ---
2026-08-15 09:05:22,012 - HVF_Master - INFO - [EXECUTIVE DIRECTIVE RECEIVED] Investor Recon
2026-08-15 09:05:22,013 - HVF_Master - INFO - Authorizing Autonomous Recon-to-Engagement Pipeline.
2026-08-15 09:05:22,013 - HVF_Recon - INFO - Executing Tactical Reconnaissance Sequence...
2026-08-15 09:05:22,013 - HVF_Recon - INFO - [LOCK ACQUIRED] Scanning intelligence database for sector: SCADA Edge AI Integration
2026-08-15 09:05:22,013 - HVF_Recon - INFO - Ingested 3 raw targets from matrix. Commencing filtration protocol.
2026-08-15 09:05:22,013 - HVF_Recon - INFO - Target structurally verified and queued: Apex Industrial Ventures
2026-08-15 09:05:22,013 - HVF_Recon - INFO - Target Dropped: CryptoBros Capital - Insufficient Capital.
2026-08-15 09:05:22,013 - HVF_Recon - INFO - Target structurally verified and queued: Horizon Edge Partners
2026-08-15 09:05:22,013 - HVF_Recon - INFO - Reconnaissance complete. High-value targets locked in queue: 2
2026-08-15 09:05:22,013 - HVF_Master - INFO - Commencing multi-target engagement loop. Targets in queue: 2
2026-08-15 09:05:22,013 - HVF_Master - INFO - Handoff initiated for target [1/2]: Apex Industrial Ventures
2026-08-15 09:05:22,013 - HVF_LinkedIn - INFO - Executing live LinkedIn broadcast sequence...
2026-08-15 09:05:22,013 - HVF_LinkedIn - INFO - Dynamic executive payload intercepted and loaded.
2026-08-15 09:05:22,014 - HVF_LinkedIn - INFO - Target locked. Author URN secured. Preparing payload...
2026-08-15 09:05:22,014 - HVF_LinkedIn - INFO - TACTICAL STRIKE SUCCESSFUL. Message deployed to LinkedIn network.
2026-08-15 09:05:22,014 - HVF_Master - INFO - Initiating 3-second tactical delay to evade network rate limiters...
2026-08-15 09:05:25,015 - HVF_Master - INFO - Handoff initiated for target [2/2]: Horizon Edge Partners
2026-08-15 09:05:25,015 - HVF_LinkedIn - INFO - Executing live LinkedIn broadcast sequence...
2026-08-15 09:05:25,015 - HVF_LinkedIn - INFO - Dynamic executive payload intercepted and loaded.
2026-08-15 09:05:25,016 - HVF_LinkedIn - INFO - Target locked. Author URN secured. Preparing payload...
2026-08-15 09:05:25,016 - HVF_LinkedIn - INFO - TACTICAL STRIKE SUCCESSFUL. Message deployed to LinkedIn network.
2026-08-15 09:05:25,017 - HVF_Master - INFO - Engagement loop complete. All targets processed successfully.
2026-08-15 09:05:25,017 - HVF_Patrol - INFO - Diagnostic cycle complete. Terminating loop to return terminal control.
